// Jest Snapshot v1, https://goo.gl/fbAQLP

exports[`Custom web-component Tests should properly render the provided CSN source document 1`] = `
"<p><strong>Primer:</strong></p>
<p><a href="https://sap.github.io/csn-interop-specification/spec-v1/csn-interop-effective" target="_blank">Core schema notation interoperability (short: CSN Interop)</a> is a powerful and flexible format used to describe entity and service models in the wider SAP and BTP ecosystem.
CSN files are JSON-based and provide comprehensive metadata about entities and their structure, relationships, and other aspects of the model.</p>
<h1 id="airline-example">Airline (Example)</h1>
<p>This CSN example document shows how the airline example is expressed with a CDS <strong>Service</strong> exposing the entities through an API.</p>
<h2 id="entity-definitions">Entity Definitions</h2>
<h3 id="airlineserviceairline">AirlineService.Airline</h3>
<p>Entity exposed via:
<a href="#airlineservice">AirlineService</a></p>
<p>Human readable description of the entity, in <strong>markdown</strong>.</p>

<p>@EndUserText.label: <code>"Airline"</code><br>@ObjectModel.modelingPattern: <code>{"#":"ANALYTICAL_DIMENSION"}</code></p>
<p>Elements: </p>
<table>
<tbody><tr><th>Element</th><th>Type</th><th>Description</th></tr><tr><td><strong id="airlineserviceairline-airlineid">AirlineID</strong><br><br></td><td><a href="#airlineuuid">AirlineUuid</a></td><td><p>Human readable description of the element, in <strong>markdown</strong>.</p>
<br>key: <code>true</code><br>@EndUserText.label: <code>"Airline"</code><br>@ObjectModel.text.element: <code>["Name"]</code></td></tr>
<tr><td><strong id="airlineserviceairline-name">Name</strong><br><br></td><td>cds.String(40)</td><td>@EndUserText.label: <code>"Name"</code><br>@Semantics.text: <code>true</code></td></tr>
<tr><td><strong id="airlineserviceairline-currencycode_code">CurrencyCode_code</strong><br><br></td><td>cds.String(3)</td><td>@EndUserText.label: <code>"Currency Code"</code><br>@Semantics.currencyCode: <code>true</code></td></tr>
</tbody></table>

<h3 id="airlineserviceairport">AirlineService.Airport</h3>
<p>Entity exposed via:
<a href="#airlineservice">AirlineService</a></p>
<p>@EndUserText.label: <code>"Airport"</code><br>@ObjectModel.modelingPattern: <code>{"#":"ANALYTICAL_DIMENSION"}</code></p>
<p>Elements: </p>
<table>
<tbody><tr><th>Element</th><th>Type</th><th>Description</th></tr><tr><td><strong id="airlineserviceairport-airportid">AirportID</strong><br><br></td><td>cds.String(3)</td><td>key: <code>true</code><br>@EndUserText.label: <code>"Airport"</code><br>@ObjectModel.text.element: <code>["Name"]</code></td></tr>
<tr><td><strong id="airlineserviceairport-name">Name</strong><br><br></td><td>cds.String(40)</td><td>@EndUserText.label: <code>"Name"</code><br>@Semantics.text: <code>true</code></td></tr>
<tr><td><strong id="airlineserviceairport-city">City</strong><br><br></td><td>cds.String(40)</td><td>@EndUserText.label: <code>"City"</code></td></tr>
<tr><td><strong id="airlineserviceairport-countrycode_code">CountryCode_code</strong><br><br></td><td>cds.String(3)</td><td>@EndUserText.label: <code>"Country Code"</code><br>@ObjectModel.foreignKey.association: <code>{"=":"to_CountryCode"}</code></td></tr>
<tr><td><strong id="airlineserviceairport-to_countrycode">to_CountryCode</strong><br><br></td><td>cds.Association</td><td>Association to one <a href="#airlineservicecountries">AirlineService.Countries</a> (path: <a href="#airlineservicecountries">AirlineService.Countries</a>.<a href="#airlineservicecountries-code">code</a>) via <a href="#airlineserviceairport-countrycode_code">CountryCode_code</a></td></tr>
</tbody></table>

<h3 id="airlineservicecountries">AirlineService.Countries</h3>
<p>Entity exposed via:
<a href="#airlineservice">AirlineService</a></p>
<p>@EndUserText.label: <code>"Countries"</code><br>@ObjectModel.modelingPattern: <code>{"#":"ANALYTICAL_DIMENSION"}</code></p>
<p>Elements: </p>
<table>
<tbody><tr><th>Element</th><th>Type</th><th>Description</th></tr><tr><td><strong id="airlineservicecountries-code">code</strong><br><br></td><td>cds.String(3)</td><td>key: <code>true</code><br>@EndUserText.label: <code>"Country Code"</code><br>@ObjectModel.text.association: <code>{"=":"texts"}</code></td></tr>
<tr><td><strong id="airlineservicecountries-texts">texts</strong><br><br></td><td>cds.Composition</td><td></td></tr>
</tbody></table>

<h3 id="airlineservicecountries_texts">AirlineService.Countries_texts</h3>
<p>Entity exposed via:
<a href="#airlineservice">AirlineService</a></p>
<p>@EndUserText.label: <code>"Countries Texts"</code><br>@ObjectModel.modelingPattern: <code>{"#":"LANGUAGE_DEPENDENT_TEXT"}</code></p>
<p>Elements: </p>
<table>
<tbody><tr><th>Element</th><th>Type</th><th>Description</th></tr><tr><td><strong id="airlineservicecountries_texts-code">code</strong><br><br></td><td>cds.String(3)</td><td>key: <code>true</code><br>@EndUserText.label: <code>"Country Code"</code></td></tr>
<tr><td><strong id="airlineservicecountries_texts-locale">locale</strong><br><br></td><td>cds.String(14)</td><td>key: <code>true</code><br>@EndUserText.label: <code>"Language Code"</code><br>@Semantics.language: <code>true</code></td></tr>
<tr><td><strong id="airlineservicecountries_texts-name">name</strong><br><br></td><td>cds.String(255)</td><td>@EndUserText.label: <code>"Name"</code><br>@Semantics.text: <code>true</code></td></tr>
<tr><td><strong id="airlineservicecountries_texts-descr">descr</strong><br><br></td><td>cds.String(1000)</td><td>@EndUserText.label: <code>"Description"</code><br>@Semantics.text: <code>true</code></td></tr>
</tbody></table>

<h3 id="airlineserviceflightconnection">AirlineService.FlightConnection</h3>
<p>Entity exposed via:
<a href="#airlineservice">AirlineService</a></p>
<p>@EndUserText.label: <code>"Flight Connection"</code><br>@ObjectModel.representativeKey: <code>{"=":"ConnectionID"}</code><br>@ObjectModel.modelingPattern: <code>{"#":"ANALYTICAL_DIMENSION"}</code></p>
<p>Elements: </p>
<table>
<tbody><tr><th>Element</th><th>Type</th><th>Description</th></tr><tr><td><strong id="airlineserviceflightconnection-airlineid">AirlineID</strong><br><br></td><td>cds.String(3)</td><td>key: <code>true</code><br>@EndUserText.label: <code>"Airline"</code><br>@ObjectModel.foreignKey.association: <code>{"=":"to_Airline"}</code></td></tr>
<tr><td><strong id="airlineserviceflightconnection-connectionid">ConnectionID</strong><br><br></td><td>cds.String(4)</td><td>key: <code>true</code><br>@EndUserText.label: <code>"Flight Number"</code></td></tr>
<tr><td><strong id="airlineserviceflightconnection-departureairport_airportid">DepartureAirport_AirportID</strong><br><br></td><td>cds.String(3)</td><td>@EndUserText.label: <code>"Departure Airport"</code><br>@ObjectModel.foreignKey.association: <code>{"=":"to_DepartureAirport"}</code></td></tr>
<tr><td><strong id="airlineserviceflightconnection-destinationairport_airportid">DestinationAirport_AirportID</strong><br><br></td><td>cds.String(3)</td><td>@EndUserText.label: <code>"Destination Airport"</code><br>@ObjectModel.foreignKey.association: <code>{"=":"to_DestinationAirport"}</code></td></tr>
<tr><td><strong id="airlineserviceflightconnection-departuretime">DepartureTime</strong><br><br></td><td>cds.Time</td><td>@EndUserText.label: <code>"Departure Time"</code></td></tr>
<tr><td><strong id="airlineserviceflightconnection-arrivaltime">ArrivalTime</strong><br><br></td><td>cds.Time</td><td>@EndUserText.label: <code>"Arrival Time"</code></td></tr>
<tr><td><strong id="airlineserviceflightconnection-distance">Distance</strong><br><br></td><td>cds.Integer</td><td>@EndUserText.label: <code>"Distance"</code><br>@Semantics.quantity.unitOfMeasure: <code>{"=":"DistanceUnit"}</code></td></tr>
<tr><td><strong id="airlineserviceflightconnection-distanceunit">DistanceUnit</strong><br><br></td><td>cds.String(3)</td><td>@EndUserText.label: <code>"Distance Unit"</code></td></tr>
<tr><td><strong id="airlineserviceflightconnection-to_airline">to_Airline</strong><br><br></td><td>cds.Association</td><td>Association to many <a href="#airlineserviceairline">AirlineService.Airline</a> (path: <a href="#airlineserviceairline">AirlineService.Airline</a>.<a href="#airlineserviceairline-airlineid">AirlineID</a>) via <a href="#airlineserviceflightconnection-airlineid">AirlineID</a></td></tr>
<tr><td><strong id="airlineserviceflightconnection-to_departureairport">to_DepartureAirport</strong><br><br></td><td>cds.Association</td><td>Association to many <a href="#airlineserviceairport">AirlineService.Airport</a> (path: <a href="#airlineserviceairport">AirlineService.Airport</a>.<a href="#airlineserviceairport-airportid">AirportID</a>) via <a href="#airlineserviceflightconnection-departureairport_airportid">DepartureAirport_AirportID</a></td></tr>
<tr><td><strong id="airlineserviceflightconnection-to_destinationairport">to_DestinationAirport</strong><br><br></td><td>cds.Association</td><td>Association to many <a href="#airlineserviceairport">AirlineService.Airport</a> (path: <a href="#airlineserviceairport">AirlineService.Airport</a>.<a href="#airlineserviceairport-airportid">AirportID</a>) via <a href="#airlineserviceflightconnection-destinationairport_airportid">DestinationAirport_AirportID</a></td></tr>
</tbody></table>

<h3 id="airlineserviceflight">AirlineService.Flight</h3>
<p>Entity exposed via:
<a href="#airlineservice">AirlineService</a></p>
<p>@EndUserText.label: <code>"Flight"</code><br>@ObjectModel.modelingPattern: <code>{"#":"ANALYTICAL_FACT"}</code><br>@ObjectModel.supportedCapabilities: <code>[{"#":"DATA_STRUCTURE"}]</code></p>
<p>Elements: </p>
<table>
<tbody><tr><th>Element</th><th>Type</th><th>Description</th></tr><tr><td><strong id="airlineserviceflight-airlineid">AirlineID</strong><br><br></td><td>cds.String(3)</td><td>key: <code>true</code><br>@EndUserText.label: <code>"Airline"</code><br>@ObjectModel.foreignKey.association: <code>{"=":"to_Airline"}</code></td></tr>
<tr><td><strong id="airlineserviceflight-flightdate">FlightDate</strong><br><br></td><td>cds.Date</td><td>key: <code>true</code><br>@EndUserText.label: <code>"Flight Date"</code></td></tr>
<tr><td><strong id="airlineserviceflight-connectionid">ConnectionID</strong><br><br></td><td>cds.String(4)</td><td>key: <code>true</code><br>@EndUserText.label: <code>"Flight Number"</code><br>@ObjectModel.foreignKey.association: <code>{"=":"to_Connection"}</code></td></tr>
<tr><td><strong id="airlineserviceflight-price">Price</strong><br><br></td><td>cds.Decimal</td><td>precision: <code>16</code><br>scale: <code>3</code><br>@EndUserText.label: <code>"Price"</code><br>@Aggregation.default: <code>{"#":"MIN"}</code><br>@Semantics.amount.currencyCode: <code>{"=":"CurrencyCode_code"}</code></td></tr>
<tr><td><strong id="airlineserviceflight-currencycode_code">CurrencyCode_code</strong><br><br></td><td>cds.String(3)</td><td>@EndUserText.label: <code>"Currency Code"</code><br>@Semantics.currencyCode: <code>true</code></td></tr>
<tr><td><strong id="airlineserviceflight-planetype">PlaneType</strong><br><br></td><td>cds.String(10)</td><td>@EndUserText.label: <code>"Plane Type"</code></td></tr>
<tr><td><strong id="airlineserviceflight-maximumseats">MaximumSeats</strong><br><br></td><td>cds.Integer</td><td>@EndUserText.label: <code>"Maximum Seats"</code><br>@Aggregation.default: <code>{"#":"SUM"}</code></td></tr>
<tr><td><strong id="airlineserviceflight-occupiedseats">OccupiedSeats</strong><br><br></td><td>cds.Integer</td><td>@EndUserText.label: <code>"Occupied Seats"</code><br>@Aggregation.default: <code>{"#":"SUM"}</code></td></tr>
<tr><td><strong id="airlineserviceflight-to_airline">to_Airline</strong><br><br></td><td>cds.Association</td><td>Association to many <a href="#airlineserviceairline">AirlineService.Airline</a> (path: <a href="#airlineserviceairline">AirlineService.Airline</a>.<a href="#airlineserviceairline-airlineid">AirlineID</a>) via <a href="#airlineserviceflight-airlineid">AirlineID</a></td></tr>
<tr><td><strong id="airlineserviceflight-to_connection">to_Connection</strong><br><br></td><td>cds.Association</td><td>Association to many <a href="#airlineserviceflightconnection">AirlineService.FlightConnection</a> (path: <a href="#airlineserviceflightconnection">AirlineService.FlightConnection</a>.<a href="#airlineserviceflightconnection-airlineid">AirlineID</a>) via <a href="#airlineserviceflight-airlineid">AirlineID</a></td></tr>
</tbody></table>

<h3 id="unassignedentity">UnassignedEntity</h3>
<p>This entity is not prefixed with the service name and therefore not accessible through the service.</p>



<p>Elements: </p>
<table>
<tbody><tr><th>Element</th><th>Type</th><th>Description</th></tr><tr><td><strong id="unassignedentity-someelement">SomeElement</strong><br><br></td><td>cds.String</td><td>key: <code>true</code><br></td></tr>
</tbody></table>

<h2 id="type-definitions">Type Definitions</h2>
<h3 id="airlineuuid">AirlineUuid</h3>
<p>Description of the reuse type</p>

<table>
<tbody><tr><th>Type</th><th>Description</th></tr><tr><td>cds.String(3)</td><td>@EndUserText.label: <code>"Airline"</code><br>@ObjectModel.text.element: <code>["Name"]</code></td></tr>
</tbody></table>

<h2 id="services">Services</h2>
<h3 id="airlineservice">AirlineService</h3>
<p>This is describing the service that exposes the CDS entities through an API.</p>

<p>Exposed Entities:</p>
<ul>
<li><a href="#airlineserviceairline">AirlineService.Airline</a></li>
<li><a href="#airlineserviceairport">AirlineService.Airport</a></li>
<li><a href="#airlineservicecountries">AirlineService.Countries</a></li>
<li><a href="#airlineservicecountries_texts">AirlineService.Countries_texts</a></li>
<li><a href="#airlineserviceflightconnection">AirlineService.FlightConnection</a></li>
<li><a href="#airlineserviceflight">AirlineService.Flight</a></li>
</ul>
"
`;
